   Compiling rs-dash-pro v0.0.2+Canary (E:\picoclaw\workspace\rewrite\rs-dash-pro)
warning: unused doc comment
   --> src\modules\job_control.rs:242:1
    |
242 | /// Global job control instance
    | ^^^^^^^^^^^^^^^^^^^^^^^^^^^^^^^ rustdoc does not generate documentation for macro invocations
    |
    = help: to document an item produced by a macro, the macro must produce the documentation as part of its expansion
    = note: `#[warn(unused_doc_comments)]` (part of `#[warn(unused)]`) on by default

warning: unused doc comment
   --> src\modules\job_control_enhanced.rs:492:1
    |
492 | /// Global enhanced job control instance
    | ^^^^^^^^^^^^^^^^^^^^^^^^^^^^^^^^^^^^^^^^ rustdoc does not generate documentation for macro invocations
    |
    = help: to document an item produced by a macro, the macro must produce the documentation as part of its expansion

warning: unused doc comment
   --> src\modules\job_control_safe.rs:299:1
    |
299 | /// Global safe job control instance
    | ^^^^^^^^^^^^^^^^^^^^^^^^^^^^^^^^^^^^ rustdoc does not generate documentation for macro invocations
    |
    = help: to document an item produced by a macro, the macro must produce the documentation as part of its expansion

warning: unused doc comment
   --> src\modules\options.rs:321:1
    |
321 | /// Global shell options instance
    | ^^^^^^^^^^^^^^^^^^^^^^^^^^^^^^^^^ rustdoc does not generate documentation for macro invocations
    |
    = help: to document an item produced by a macro, the macro must produce the documentation as part of its expansion

warning: unused doc comment
   --> src\modules\options_enhanced.rs:327:1
    |
327 | /// Global enhanced shell options instance
    | ^^^^^^^^^^^^^^^^^^^^^^^^^^^^^^^^^^^^^^^^^^ rustdoc does not generate documentation for macro invocations
    |
    = help: to document an item produced by a macro, the macro must produce the documentation as part of its expansion

warning: unused doc comment
   --> src\modules\variables.rs:349:1
    |
349 | /// Global variable system instance
    | ^^^^^^^^^^^^^^^^^^^^^^^^^^^^^^^^^^^ rustdoc does not generate documentation for macro invocations
    |
    = help: to document an item produced by a macro, the macro must produce the documentation as part of its expansion

error[E0308]: mismatched types
    --> src\modules\ssa_executor.rs:816:42
     |
 816 |                 let pat = self.get_value(*pattern).as_string();
     |                                --------- ^^^^^^^^ expected `ValueId`, found `String`
     |                                |
     |                                arguments to this method are incorrect
     |
note: method defined here
    --> src\modules\ssa_executor.rs:1220:8
     |
1220 |     fn get_value(&self, id: ValueId) -> ExecValue {
     |        ^^^^^^^^^        -----------

warning: unused variable: `func`
    --> src\modules\ssa_executor.rs:1360:33
     |
1360 |     fn check_signals(&mut self, func: &Function) -> bool {
     |                                 ^^^^ help: if this is intentional, prefix it with an underscore: `_func`
     |
     = note: `#[warn(unused_variables)]` (part of `#[warn(unused)]`) on by default

warning: unused variable: `signal`
    --> src\modules\ssa_executor.rs:1367:42
     |
1367 |     fn kill_process(&mut self, pid: u32, signal: i32) -> i32 {
     |                                          ^^^^^^ help: if this is intentional, prefix it with an underscore: `_signal`

warning: unused variable: `func`
    --> src\modules\ssa_ir_generator.rs:1042:13
     |
1042 |         let func = self.builder.end_function().expect("Function should exist");
     |             ^^^^ help: if this is intentional, prefix it with an underscore: `_func`

warning: unused variable: `env`
  --> src\modules\builtins\alias.rs:15:40
   |
15 |     fn execute(&self, args: &[String], env: &mut ShellEnv) -> i32 {
   |                                        ^^^ help: if this is intentional, prefix it with an underscore: `_env`

warning: unused variable: `expression`
  --> src\modules\arithmetic.rs:53:28
   |
53 |     pub fn tokenize(&self, expression: &str) -> Vec<Token> {
   |                            ^^^^^^^^^^ help: if this is intentional, prefix it with an underscore: `_expression`

warning: unused variable: `tokens`
  --> src\modules\arithmetic.rs:59:25
   |
59 |     pub fn parse(&self, tokens: &[Token]) -> Result<ArithmeticAst, String> {
   |                         ^^^^^^ help: if this is intentional, prefix it with an underscore: `_tokens`

warning: value assigned to `status` is never read
  --> src\modules\control.rs:37:21
   |
37 |             let mut status = condition_status;
   |                     ^^^^^^
   |
   = help: maybe it is overwritten before being read?
   = note: `#[warn(unused_assignments)]` (part of `#[warn(unused)]`) on by default

warning: unused variable: `command`
   --> src\modules\control.rs:155:35
    |
155 |     fn execute_command(&mut self, command: &AstNode) -> Result<i32, String> {
    |                                   ^^^^^^^ help: if this is intentional, prefix it with an underscore: `_command`

warning: unused variable: `levels`
   --> src\modules\control.rs:227:32
    |
227 |     pub fn handle_break(&self, levels: Option<i32>) -> Result<(), String> {
    |                                ^^^^^^ help: if this is intentional, prefix it with an underscore: `_levels`

warning: unused variable: `levels`
   --> src\modules\control.rs:234:35
    |
234 |     pub fn handle_continue(&self, levels: Option<i32>) -> Result<(), String> {
    |                                   ^^^^^^ help: if this is intentional, prefix it with an underscore: `_levels`

warning: unused variable: `env`
  --> src\modules\functions.rs:36:9
   |
36 |         env: &mut ShellEnv,
   |         ^^^ help: if this is intentional, prefix it with an underscore: `_env`

warning: unused variable: `builtins`
  --> src\modules\functions.rs:37:9
   |
37 |         builtins: &Builtins,
   |         ^^^^^^^^ help: if this is intentional, prefix it with an underscore: `_builtins`

warning: unused variable: `exit_status`
   --> src\modules\functions.rs:181:33
    |
181 |     pub fn handle_return(&self, exit_status: i32) -> Result<(), String> {
    |                                 ^^^^^^^^^^^ help: if this is intentional, prefix it with an underscore: `_exit_status`

warning: unused variable: `pgid`
   --> src\modules\job_control_enhanced.rs:245:13
    |
245 |         let pgid = if let Some(job) = self.jobs.get(&job_id) {
    |             ^^^^ help: if this is intentional, prefix it with an underscore: `_pgid`

warning: unused variable: `job`
   --> src\modules\job_control_enhanced.rs:309:21
    |
309 |         if let Some(job) = self.jobs.get(&job_id) {
    |                     ^^^ help: if this is intentional, prefix it with an underscore: `_job`

warning: unused variable: `signal`
   --> src\modules\job_control_enhanced.rs:308:49
    |
308 |     pub fn signal_job(&mut self, job_id: usize, signal: ShellSignal) -> Result<(), String> {
    |                                                 ^^^^^^ help: if this is intentional, prefix it with an underscore: `_signal`

warning: unused variable: `status`
   --> src\modules\job_control_safe.rs:346:24
    |
346 |                     Ok(status) => {
    |                        ^^^^^^ help: if this is intentional, prefix it with an underscore: `_status`

warning: unused variable: `command`
  --> src\modules\pipeline.rs:39:42
   |
39 |     fn execute_single_command(&mut self, command: &AstNode) -> Result<i32, String> {
   |                                          ^^^^^^^ help: if this is intentional, prefix it with an underscore: `_command`

warning: unused variable: `command`
  --> src\modules\pipeline.rs:48:9
   |
48 |         command: &AstNode,
   |         ^^^^^^^ help: if this is intentional, prefix it with an underscore: `_command`

warning: unused variable: `stdin`
  --> src\modules\pipeline.rs:49:9
   |
49 |         stdin: Option<Stdio>,
   |         ^^^^^ help: if this is intentional, prefix it with an underscore: `_stdin`

warning: unused variable: `stdout`
  --> src\modules\pipeline.rs:50:9
   |
50 |         stdout: Option<Stdio>,
   |         ^^^^^^ help: if this is intentional, prefix it with an underscore: `_stdout`

warning: unused variable: `name`
  --> src\modules\pipeline.rs:70:35
   |
70 |     fn execute_builtin(&mut self, name: &str, args: &[String]) -> Result<i32, String> {
   |                                   ^^^^ help: if this is intentional, prefix it with an underscore: `_name`

warning: unused variable: `args`
  --> src\modules\pipeline.rs:70:47
   |
70 |     fn execute_builtin(&mut self, name: &str, args: &[String]) -> Result<i32, String> {
   |                                               ^^^^ help: if this is intentional, prefix it with an underscore: `_args`

warning: unused variable: `name`
  --> src\modules\pipeline.rs:76:26
   |
76 |     fn is_builtin(&self, name: &str) -> bool {
   |                          ^^^^ help: if this is intentional, prefix it with an underscore: `_name`

warning: unused variable: `command`
  --> src\modules\process_substitution.rs:33:51
   |
33 |     pub fn execute_output_substitution(&mut self, command: &AstNode) -> Result<String, String> {
   |                                                   ^^^^^^^ help: if this is intentional, prefix it with an underscore: `_command`

warning: unused variable: `command`
  --> src\modules\process_substitution.rs:52:9
   |
52 |         command: &AstNode,
   |         ^^^^^^^ help: if this is intentional, prefix it with an underscore: `_command`

warning: unused variable: `file_path`
  --> src\modules\process_substitution.rs:53:9
   |
53 |         file_path: &str,
   |         ^^^^^^^^^ help: if this is intentional, prefix it with an underscore: `_file_path`

warning: unused variable: `file_path`
  --> src\modules\process_substitution.rs:61:27
   |
61 |     pub fn cleanup(&self, file_path: &str) -> Result<(), String> {
   |                           ^^^^^^^^^ help: if this is intentional, prefix it with an underscore: `_file_path`

warning: unused variable: `command`
  --> src\modules\process_substitution.rs:93:48
   |
93 |                     ProcessSubstitution::Input(command) => {
   |                                                ^^^^^^^ help: if this is intentional, prefix it with an underscore: `_command`

warning: unused variable: `command`
  --> src\modules\process_substitution.rs:97:49
   |
97 |                     ProcessSubstitution::Output(command) => {
   |                                                 ^^^^^^^ help: if this is intentional, prefix it with an underscore: `_command`

warning: unused variable: `target_fd`
   --> src\modules\redirection.rs:143:13
    |
143 |         let target_fd: i32 = target
    |             ^^^^^^^^^ help: if this is intentional, prefix it with an underscore: `_target_fd`

warning: unused variable: `subshell_env`
  --> src\modules\subshell.rs:23:13
   |
23 |         let subshell_env = self.env.clone();
   |             ^^^^^^^^^^^^ help: if this is intentional, prefix it with an underscore: `_subshell_env`

warning: unused variable: `commands`
  --> src\modules\subshell.rs:21:40
   |
21 |     pub fn execute_subshell(&mut self, commands: &[AstNode]) -> Result<i32, String> {
   |                                        ^^^^^^^^ help: if this is intentional, prefix it with an underscore: `_commands`

warning: unused variable: `backticks`
  --> src\modules\subshell.rs:34:9
   |
34 |         backticks: bool,
   |         ^^^^^^^^^ help: if this is intentional, prefix it with an underscore: `_backticks`

warning: unused variable: `commands`
  --> src\modules\subshell.rs:46:34
   |
46 |     fn capture_output(&mut self, commands: &[AstNode]) -> Result<String, String> {
   |                                  ^^^^^^^^ help: if this is intentional, prefix it with an underscore: `_commands`

warning: unused variable: `commands`
  --> src\modules\subshell.rs:53:32
   |
53 |     fn fork_and_execute(&self, commands: &[AstNode]) -> Result<i32, String> {
   |                                ^^^^^^^^ help: if this is intentional, prefix it with an underscore: `_commands`

warning: unused variable: `env`
  --> src\modules\subshell.rs:60:42
   |
60 |     fn setup_subshell_environment(&self, env: &mut ShellEnv) {
   |                                          ^^^ help: if this is intentional, prefix it with an underscore: `_env`

warning: unused variable: `exit_status`
  --> src\modules\subshell.rs:81:31
   |
81 |     pub fn handle_exit(&self, exit_status: i32) -> Result<(), String> {
   |                               ^^^^^^^^^^^ help: if this is intentional, prefix it with an underscore: `_exit_status`

For more information about this error, try `rustc --explain E0308`.
warning: `rs-dash-pro` (lib) generated 44 warnings
error: could not compile `rs-dash-pro` (lib) due to 1 previous error; 44 warnings emitted
